// Jest Snapshot v1, https://goo.gl/fbAQLP

exports[`integ snapshot validation 1`] = `
Object {
  "Outputs": Object {
    "DemoLogGroupADB0CC2E": Object {
      "Value": Object {
        "Fn::GetAtt": Array [
          "DemoBashExecFunctionLogRetention092AB8A2",
          "LogGroupName",
        ],
      },
    },
  },
  "Parameters": Object {
    "AssetParametersc13434f8f1aa2ea30fa577b2feb208a41368b11787b752e10bfc71fe8eb919d5ArtifactHashE9AE13B7": Object {
      "Description": "Artifact hash for asset \\"c13434f8f1aa2ea30fa577b2feb208a41368b11787b752e10bfc71fe8eb919d5\\"",
      "Type": "String",
    },
    "AssetParametersc13434f8f1aa2ea30fa577b2feb208a41368b11787b752e10bfc71fe8eb919d5S3Bucket51CDED69": Object {
      "Description": "S3 bucket for asset \\"c13434f8f1aa2ea30fa577b2feb208a41368b11787b752e10bfc71fe8eb919d5\\"",
      "Type": "String",
    },
    "AssetParametersc13434f8f1aa2ea30fa577b2feb208a41368b11787b752e10bfc71fe8eb919d5S3VersionKey50C3CFF0": Object {
      "Description": "S3 key for asset version \\"c13434f8f1aa2ea30fa577b2feb208a41368b11787b752e10bfc71fe8eb919d5\\"",
      "Type": "String",
    },
    "AssetParametersc691172cdeefa2c91b5a2907f9d81118e47597634943344795f1a844192dd49cArtifactHash627DAAA7": Object {
      "Description": "Artifact hash for asset \\"c691172cdeefa2c91b5a2907f9d81118e47597634943344795f1a844192dd49c\\"",
      "Type": "String",
    },
    "AssetParametersc691172cdeefa2c91b5a2907f9d81118e47597634943344795f1a844192dd49cS3BucketEAC9DD43": Object {
      "Description": "S3 bucket for asset \\"c691172cdeefa2c91b5a2907f9d81118e47597634943344795f1a844192dd49c\\"",
      "Type": "String",
    },
    "AssetParametersc691172cdeefa2c91b5a2907f9d81118e47597634943344795f1a844192dd49cS3VersionKeyDD9AE9E7": Object {
      "Description": "S3 key for asset version \\"c691172cdeefa2c91b5a2907f9d81118e47597634943344795f1a844192dd49c\\"",
      "Type": "String",
    },
  },
  "Resources": Object {
    "DemoBashExecFunction72E60776": Object {
      "DependsOn": Array [
        "DemoBashExecFunctionServiceRole911B396A",
      ],
      "Properties": Object {
        "Code": Object {
          "ImageUri": Object {
            "Fn::Join": Array [
              "",
              Array [
                Object {
                  "Ref": "AWS::AccountId",
                },
                ".dkr.ecr.",
                Object {
                  "Ref": "AWS::Region",
                },
                ".",
                Object {
                  "Ref": "AWS::URLSuffix",
                },
                "/aws-cdk/assets:282312c1057dba17df1a9ddfc4be94eda3b510df6157b5c2197db0fc7a9aff33",
              ],
            ],
          },
        },
        "Environment": Object {
          "Variables": Object {
            "FOO": "BAR",
          },
        },
        "PackageType": "Image",
        "Role": Object {
          "Fn::GetAtt": Array [
            "DemoBashExecFunctionServiceRole911B396A",
            "Arn",
          ],
        },
        "Timeout": 120,
      },
      "Type": "AWS::Lambda::Function",
    },
    "DemoBashExecFunctionLogRetention092AB8A2": Object {
      "Properties": Object {
        "LogGroupName": Object {
          "Fn::Join": Array [
            "",
            Array [
              "/aws/lambda/",
              Object {
                "Ref": "DemoBashExecFunction72E60776",
              },
            ],
          ],
        },
        "RetentionInDays": 1,
        "ServiceToken": Object {
          "Fn::GetAtt": Array [
            "LogRetentionaae0aa3c5b4d4f87b02d85b201efdd8aFD4BFC8A",
            "Arn",
          ],
        },
      },
      "Type": "Custom::LogRetention",
    },
    "DemoBashExecFunctionServiceRole911B396A": Object {
      "Properties": Object {
        "AssumeRolePolicyDocument": Object {
          "Statement": Array [
            Object {
              "Action": "sts:AssumeRole",
              "Effect": "Allow",
              "Principal": Object {
                "Service": "lambda.amazonaws.com",
              },
            },
          ],
          "Version": "2012-10-17",
        },
        "ManagedPolicyArns": Array [
          Object {
            "Fn::Join": Array [
              "",
              Array [
                "arn:",
                Object {
                  "Ref": "AWS::Partition",
                },
                ":iam::aws:policy/service-role/AWSLambdaBasicExecutionRole",
              ],
            ],
          },
        ],
      },
      "Type": "AWS::IAM::Role",
    },
    "DemoMyProviderframeworkonEventB6648094": Object {
      "DependsOn": Array [
        "DemoMyProviderframeworkonEventServiceRoleDefaultPolicy5AB8994E",
        "DemoMyProviderframeworkonEventServiceRole5F456F12",
      ],
      "Properties": Object {
        "Code": Object {
          "S3Bucket": Object {
            "Ref": "AssetParametersc691172cdeefa2c91b5a2907f9d81118e47597634943344795f1a844192dd49cS3BucketEAC9DD43",
          },
          "S3Key": Object {
            "Fn::Join": Array [
              "",
              Array [
                Object {
                  "Fn::Select": Array [
                    0,
                    Object {
                      "Fn::Split": Array [
                        "||",
                        Object {
                          "Ref": "AssetParametersc691172cdeefa2c91b5a2907f9d81118e47597634943344795f1a844192dd49cS3VersionKeyDD9AE9E7",
                        },
                      ],
                    },
                  ],
                },
                Object {
                  "Fn::Select": Array [
                    1,
                    Object {
                      "Fn::Split": Array [
                        "||",
                        Object {
                          "Ref": "AssetParametersc691172cdeefa2c91b5a2907f9d81118e47597634943344795f1a844192dd49cS3VersionKeyDD9AE9E7",
                        },
                      ],
                    },
                  ],
                },
              ],
            ],
          },
        },
        "Description": "AWS CDK resource provider framework - onEvent (lambda-bash-dev/Demo/MyProvider)",
        "Environment": Object {
          "Variables": Object {
            "USER_ON_EVENT_FUNCTION_ARN": Object {
              "Fn::GetAtt": Array [
                "DemoOnEventHandler90C6007F",
                "Arn",
              ],
            },
          },
        },
        "Handler": "framework.onEvent",
        "Role": Object {
          "Fn::GetAtt": Array [
            "DemoMyProviderframeworkonEventServiceRole5F456F12",
            "Arn",
          ],
        },
        "Runtime": "nodejs12.x",
        "Timeout": 900,
      },
      "Type": "AWS::Lambda::Function",
    },
    "DemoMyProviderframeworkonEventServiceRole5F456F12": Object {
      "Properties": Object {
        "AssumeRolePolicyDocument": Object {
          "Statement": Array [
            Object {
              "Action": "sts:AssumeRole",
              "Effect": "Allow",
              "Principal": Object {
                "Service": "lambda.amazonaws.com",
              },
            },
          ],
          "Version": "2012-10-17",
        },
        "ManagedPolicyArns": Array [
          Object {
            "Fn::Join": Array [
              "",
              Array [
                "arn:",
                Object {
                  "Ref": "AWS::Partition",
                },
                ":iam::aws:policy/service-role/AWSLambdaBasicExecutionRole",
              ],
            ],
          },
        ],
      },
      "Type": "AWS::IAM::Role",
    },
    "DemoMyProviderframeworkonEventServiceRoleDefaultPolicy5AB8994E": Object {
      "Properties": Object {
        "PolicyDocument": Object {
          "Statement": Array [
            Object {
              "Action": "lambda:InvokeFunction",
              "Effect": "Allow",
              "Resource": Object {
                "Fn::GetAtt": Array [
                  "DemoOnEventHandler90C6007F",
                  "Arn",
                ],
              },
            },
          ],
          "Version": "2012-10-17",
        },
        "PolicyName": "DemoMyProviderframeworkonEventServiceRoleDefaultPolicy5AB8994E",
        "Roles": Array [
          Object {
            "Ref": "DemoMyProviderframeworkonEventServiceRole5F456F12",
          },
        ],
      },
      "Type": "AWS::IAM::Policy",
    },
    "DemoOnEventHandler90C6007F": Object {
      "DependsOn": Array [
        "DemoOnEventHandlerServiceRoleDefaultPolicy8ABF7FCE",
        "DemoOnEventHandlerServiceRole2506682B",
      ],
      "Properties": Object {
        "Code": Object {
          "ImageUri": Object {
            "Fn::Join": Array [
              "",
              Array [
                Object {
                  "Ref": "AWS::AccountId",
                },
                ".dkr.ecr.",
                Object {
                  "Ref": "AWS::Region",
                },
                ".",
                Object {
                  "Ref": "AWS::URLSuffix",
                },
                "/aws-cdk/assets:282312c1057dba17df1a9ddfc4be94eda3b510df6157b5c2197db0fc7a9aff33",
              ],
            ],
          },
        },
        "Environment": Object {
          "Variables": Object {
            "LAMBDA_FUNCTION_ARN": Object {
              "Fn::GetAtt": Array [
                "DemoBashExecFunction72E60776",
                "Arn",
              ],
            },
          },
        },
        "ImageConfig": Object {
          "Command": Array [
            "function.sh.onEvent",
          ],
        },
        "PackageType": "Image",
        "Role": Object {
          "Fn::GetAtt": Array [
            "DemoOnEventHandlerServiceRole2506682B",
            "Arn",
          ],
        },
        "Timeout": 60,
      },
      "Type": "AWS::Lambda::Function",
    },
    "DemoOnEventHandlerServiceRole2506682B": Object {
      "Properties": Object {
        "AssumeRolePolicyDocument": Object {
          "Statement": Array [
            Object {
              "Action": "sts:AssumeRole",
              "Effect": "Allow",
              "Principal": Object {
                "Service": "lambda.amazonaws.com",
              },
            },
          ],
          "Version": "2012-10-17",
        },
        "ManagedPolicyArns": Array [
          Object {
            "Fn::Join": Array [
              "",
              Array [
                "arn:",
                Object {
                  "Ref": "AWS::Partition",
                },
                ":iam::aws:policy/service-role/AWSLambdaBasicExecutionRole",
              ],
            ],
          },
        ],
      },
      "Type": "AWS::IAM::Role",
    },
    "DemoOnEventHandlerServiceRoleDefaultPolicy8ABF7FCE": Object {
      "Properties": Object {
        "PolicyDocument": Object {
          "Statement": Array [
            Object {
              "Action": "lambda:InvokeFunction",
              "Effect": "Allow",
              "Resource": Object {
                "Fn::GetAtt": Array [
                  "DemoBashExecFunction72E60776",
                  "Arn",
                ],
              },
            },
          ],
          "Version": "2012-10-17",
        },
        "PolicyName": "DemoOnEventHandlerServiceRoleDefaultPolicy8ABF7FCE",
        "Roles": Array [
          Object {
            "Ref": "DemoOnEventHandlerServiceRole2506682B",
          },
        ],
      },
      "Type": "AWS::IAM::Policy",
    },
    "DemoRunLambdaBash1B9713A5": Object {
      "DeletionPolicy": "Delete",
      "Properties": Object {
        "ServiceToken": Object {
          "Fn::GetAtt": Array [
            "DemoMyProviderframeworkonEventB6648094",
            "Arn",
          ],
        },
        "assetHash": "d14db8cb6745fe5db38519bf27be8c5d81753db709c73ac3a799756da48ac28f",
      },
      "Type": "Custom::RunLambdaBash",
      "UpdateReplacePolicy": "Delete",
    },
    "LogRetentionaae0aa3c5b4d4f87b02d85b201efdd8aFD4BFC8A": Object {
      "DependsOn": Array [
        "LogRetentionaae0aa3c5b4d4f87b02d85b201efdd8aServiceRoleDefaultPolicyADDA7DEB",
        "LogRetentionaae0aa3c5b4d4f87b02d85b201efdd8aServiceRole9741ECFB",
      ],
      "Properties": Object {
        "Code": Object {
          "S3Bucket": Object {
            "Ref": "AssetParametersc13434f8f1aa2ea30fa577b2feb208a41368b11787b752e10bfc71fe8eb919d5S3Bucket51CDED69",
          },
          "S3Key": Object {
            "Fn::Join": Array [
              "",
              Array [
                Object {
                  "Fn::Select": Array [
                    0,
                    Object {
                      "Fn::Split": Array [
                        "||",
                        Object {
                          "Ref": "AssetParametersc13434f8f1aa2ea30fa577b2feb208a41368b11787b752e10bfc71fe8eb919d5S3VersionKey50C3CFF0",
                        },
                      ],
                    },
                  ],
                },
                Object {
                  "Fn::Select": Array [
                    1,
                    Object {
                      "Fn::Split": Array [
                        "||",
                        Object {
                          "Ref": "AssetParametersc13434f8f1aa2ea30fa577b2feb208a41368b11787b752e10bfc71fe8eb919d5S3VersionKey50C3CFF0",
                        },
                      ],
                    },
                  ],
                },
              ],
            ],
          },
        },
        "Handler": "index.handler",
        "Role": Object {
          "Fn::GetAtt": Array [
            "LogRetentionaae0aa3c5b4d4f87b02d85b201efdd8aServiceRole9741ECFB",
            "Arn",
          ],
        },
        "Runtime": "nodejs14.x",
      },
      "Type": "AWS::Lambda::Function",
    },
    "LogRetentionaae0aa3c5b4d4f87b02d85b201efdd8aServiceRole9741ECFB": Object {
      "Properties": Object {
        "AssumeRolePolicyDocument": Object {
          "Statement": Array [
            Object {
              "Action": "sts:AssumeRole",
              "Effect": "Allow",
              "Principal": Object {
                "Service": "lambda.amazonaws.com",
              },
            },
          ],
          "Version": "2012-10-17",
        },
        "ManagedPolicyArns": Array [
          Object {
            "Fn::Join": Array [
              "",
              Array [
                "arn:",
                Object {
                  "Ref": "AWS::Partition",
                },
                ":iam::aws:policy/service-role/AWSLambdaBasicExecutionRole",
              ],
            ],
          },
        ],
      },
      "Type": "AWS::IAM::Role",
    },
    "LogRetentionaae0aa3c5b4d4f87b02d85b201efdd8aServiceRoleDefaultPolicyADDA7DEB": Object {
      "Properties": Object {
        "PolicyDocument": Object {
          "Statement": Array [
            Object {
              "Action": Array [
                "logs:PutRetentionPolicy",
                "logs:DeleteRetentionPolicy",
              ],
              "Effect": "Allow",
              "Resource": "*",
            },
          ],
          "Version": "2012-10-17",
        },
        "PolicyName": "LogRetentionaae0aa3c5b4d4f87b02d85b201efdd8aServiceRoleDefaultPolicyADDA7DEB",
        "Roles": Array [
          Object {
            "Ref": "LogRetentionaae0aa3c5b4d4f87b02d85b201efdd8aServiceRole9741ECFB",
          },
        ],
      },
      "Type": "AWS::IAM::Policy",
    },
  },
}
`;
